// Jest Snapshot v1, https://goo.gl/fbAQLP

exports[`SnapShot Cases icon 1`] = `<i class="wayo-icon wayo-icon-"></i>`;
