// Jest Snapshot v1, https://goo.gl/fbAQLP

exports[`Snapshot stripe 1`] = `<div class="wayo-stripe wayo-stripe_size_default"></div>`;

exports[`Snapshot stripe button 1`] = `<div class="wayo-stripe-button wayo-stripe-button_stroke"></div>`;
